Archive member included to satisfy reference by file (symbol)

f:/eclipse/gcc-arm-none/9 2020-q2-update/bin/../lib/gcc/arm-none-eabi/9.3.1/../../../../arm-none-eabi/lib/thumb/v7-m/nofp\libg_nano.a(lib_a-errno.o)
                              ./system/src/newlib/_sbrk.o (__errno)
f:/eclipse/gcc-arm-none/9 2020-q2-update/bin/../lib/gcc/arm-none-eabi/9.3.1/../../../../arm-none-eabi/lib/thumb/v7-m/nofp\libg_nano.a(lib_a-impure.o)
                              f:/eclipse/gcc-arm-none/9 2020-q2-update/bin/../lib/gcc/arm-none-eabi/9.3.1/../../../../arm-none-eabi/lib/thumb/v7-m/nofp\libg_nano.a(lib_a-errno.o) (_impure_ptr)
f:/eclipse/gcc-arm-none/9 2020-q2-update/bin/../lib/gcc/arm-none-eabi/9.3.1/../../../../arm-none-eabi/lib/thumb/v7-m/nofp\libg_nano.a(lib_a-strlen.o)
                              ./system/src/diag/Trace.o (strlen)
f:/eclipse/gcc-arm-none/9 2020-q2-update/bin/../lib/gcc/arm-none-eabi/9.3.1/../../../../arm-none-eabi/lib/thumb/v7-m/nofp\libg_nano.a(lib_a-vsnprintf.o)
                              ./system/src/diag/Trace.o (vsnprintf)
f:/eclipse/gcc-arm-none/9 2020-q2-update/bin/../lib/gcc/arm-none-eabi/9.3.1/../../../../arm-none-eabi/lib/thumb/v7-m/nofp\libg_nano.a(lib_a-nano-svfprintf.o)
                              f:/eclipse/gcc-arm-none/9 2020-q2-update/bin/../lib/gcc/arm-none-eabi/9.3.1/../../../../arm-none-eabi/lib/thumb/v7-m/nofp\libg_nano.a(lib_a-vsnprintf.o) (_svfprintf_r)
f:/eclipse/gcc-arm-none/9 2020-q2-update/bin/../lib/gcc/arm-none-eabi/9.3.1/../../../../arm-none-eabi/lib/thumb/v7-m/nofp\libg_nano.a(lib_a-nano-vfprintf_i.o)
                              f:/eclipse/gcc-arm-none/9 2020-q2-update/bin/../lib/gcc/arm-none-eabi/9.3.1/../../../../arm-none-eabi/lib/thumb/v7-m/nofp\libg_nano.a(lib_a-nano-svfprintf.o) (_printf_i)
f:/eclipse/gcc-arm-none/9 2020-q2-update/bin/../lib/gcc/arm-none-eabi/9.3.1/../../../../arm-none-eabi/lib/thumb/v7-m/nofp\libg_nano.a(lib_a-memchr-stub.o)
                              f:/eclipse/gcc-arm-none/9 2020-q2-update/bin/../lib/gcc/arm-none-eabi/9.3.1/../../../../arm-none-eabi/lib/thumb/v7-m/nofp\libg_nano.a(lib_a-nano-svfprintf.o) (memchr)
f:/eclipse/gcc-arm-none/9 2020-q2-update/bin/../lib/gcc/arm-none-eabi/9.3.1/../../../../arm-none-eabi/lib/thumb/v7-m/nofp\libg_nano.a(lib_a-memcpy-stub.o)
                              f:/eclipse/gcc-arm-none/9 2020-q2-update/bin/../lib/gcc/arm-none-eabi/9.3.1/../../../../arm-none-eabi/lib/thumb/v7-m/nofp\libg_nano.a(lib_a-nano-svfprintf.o) (memcpy)
f:/eclipse/gcc-arm-none/9 2020-q2-update/bin/../lib/gcc/arm-none-eabi/9.3.1/../../../../arm-none-eabi/lib/thumb/v7-m/nofp\libg_nano.a(lib_a-memmove.o)
                              f:/eclipse/gcc-arm-none/9 2020-q2-update/bin/../lib/gcc/arm-none-eabi/9.3.1/../../../../arm-none-eabi/lib/thumb/v7-m/nofp\libg_nano.a(lib_a-nano-svfprintf.o) (memmove)
f:/eclipse/gcc-arm-none/9 2020-q2-update/bin/../lib/gcc/arm-none-eabi/9.3.1/../../../../arm-none-eabi/lib/thumb/v7-m/nofp\libg_nano.a(lib_a-nano-freer.o)
                              f:/eclipse/gcc-arm-none/9 2020-q2-update/bin/../lib/gcc/arm-none-eabi/9.3.1/../../../../arm-none-eabi/lib/thumb/v7-m/nofp\libg_nano.a(lib_a-nano-svfprintf.o) (_free_r)
f:/eclipse/gcc-arm-none/9 2020-q2-update/bin/../lib/gcc/arm-none-eabi/9.3.1/../../../../arm-none-eabi/lib/thumb/v7-m/nofp\libg_nano.a(lib_a-nano-mallocr.o)
                              f:/eclipse/gcc-arm-none/9 2020-q2-update/bin/../lib/gcc/arm-none-eabi/9.3.1/../../../../arm-none-eabi/lib/thumb/v7-m/nofp\libg_nano.a(lib_a-nano-svfprintf.o) (_malloc_r)
f:/eclipse/gcc-arm-none/9 2020-q2-update/bin/../lib/gcc/arm-none-eabi/9.3.1/../../../../arm-none-eabi/lib/thumb/v7-m/nofp\libg_nano.a(lib_a-nano-reallocr.o)
                              f:/eclipse/gcc-arm-none/9 2020-q2-update/bin/../lib/gcc/arm-none-eabi/9.3.1/../../../../arm-none-eabi/lib/thumb/v7-m/nofp\libg_nano.a(lib_a-nano-svfprintf.o) (_realloc_r)
f:/eclipse/gcc-arm-none/9 2020-q2-update/bin/../lib/gcc/arm-none-eabi/9.3.1/../../../../arm-none-eabi/lib/thumb/v7-m/nofp\libg_nano.a(lib_a-sbrkr.o)
                              f:/eclipse/gcc-arm-none/9 2020-q2-update/bin/../lib/gcc/arm-none-eabi/9.3.1/../../../../arm-none-eabi/lib/thumb/v7-m/nofp\libg_nano.a(lib_a-nano-mallocr.o) (_sbrk_r)
f:/eclipse/gcc-arm-none/9 2020-q2-update/bin/../lib/gcc/arm-none-eabi/9.3.1/../../../../arm-none-eabi/lib/thumb/v7-m/nofp\libg_nano.a(lib_a-mlock.o)
                              f:/eclipse/gcc-arm-none/9 2020-q2-update/bin/../lib/gcc/arm-none-eabi/9.3.1/../../../../arm-none-eabi/lib/thumb/v7-m/nofp\libg_nano.a(lib_a-nano-freer.o) (__malloc_lock)
f:/eclipse/gcc-arm-none/9 2020-q2-update/bin/../lib/gcc/arm-none-eabi/9.3.1/../../../../arm-none-eabi/lib/thumb/v7-m/nofp\libg_nano.a(lib_a-nano-msizer.o)
                              f:/eclipse/gcc-arm-none/9 2020-q2-update/bin/../lib/gcc/arm-none-eabi/9.3.1/../../../../arm-none-eabi/lib/thumb/v7-m/nofp\libg_nano.a(lib_a-nano-reallocr.o) (_malloc_usable_size_r)
[...]
Memory Configuration

Name             Origin             Length             Attributes
RAM              0x20000000         0x00005000         xrw
CCMRAM           0x00000000         0x00000000         xrw
FLASH            0x08000000         0x00020000         xr
FLASHB1          0x00000000         0x00000000         xr
EXTMEMB0         0x00000000         0x00000000         xr
EXTMEMB1         0x00000000         0x00000000         xr
EXTMEMB2         0x00000000         0x00000000         xr
EXTMEMB3         0x00000000         0x00000000         xr
MEMORY_ARRAY     0x00000000         0x00000000         xrw
*default*        0x00000000         0xffffffff

Linker script and memory map

LOAD ./system/src/stm32f1-stdperiph/misc.o
LOAD ./system/src/stm32f1-stdperiph/stm32f10x_adc.o
LOAD ./system/src/stm32f1-stdperiph/stm32f10x_bkp.o
LOAD ./system/src/stm32f1-stdperiph/stm32f10x_can.o
LOAD ./system/src/stm32f1-stdperiph/stm32f10x_cec.o
LOAD ./system/src/stm32f1-stdperiph/stm32f10x_crc.o
LOAD ./system/src/stm32f1-stdperiph/stm32f10x_dac.o
LOAD ./system/src/stm32f1-stdperiph/stm32f10x_dbgmcu.o
LOAD ./system/src/stm32f1-stdperiph/stm32f10x_dma.o
LOAD ./system/src/stm32f1-stdperiph/stm32f10x_exti.o
LOAD ./system/src/stm32f1-stdperiph/stm32f10x_flash.o
LOAD ./system/src/stm32f1-stdperiph/stm32f10x_fsmc.o
LOAD ./system/src/stm32f1-stdperiph/stm32f10x_gpio.o
LOAD ./system/src/stm32f1-stdperiph/stm32f10x_i2c.o
LOAD ./system/src/stm32f1-stdperiph/stm32f10x_iwdg.o
LOAD ./system/src/stm32f1-stdperiph/stm32f10x_pwr.o
LOAD ./system/src/stm32f1-stdperiph/stm32f10x_rcc.o
LOAD ./system/src/stm32f1-stdperiph/stm32f10x_rtc.o
LOAD ./system/src/stm32f1-stdperiph/stm32f10x_sdio.o
LOAD ./system/src/stm32f1-stdperiph/stm32f10x_spi.o
LOAD ./system/src/stm32f1-stdperiph/stm32f10x_tim.o
LOAD ./system/src/stm32f1-stdperiph/stm32f10x_usart.o
LOAD ./system/src/stm32f1-stdperiph/stm32f10x_wwdg.o
LOAD ./system/src/newlib/_cxx.o
LOAD ./system/src/newlib/_exit.o
LOAD ./system/src/newlib/_sbrk.o
LOAD ./system/src/newlib/_startup.o
LOAD ./system/src/newlib/_syscalls.o
LOAD ./system/src/newlib/assert.o
LOAD ./system/src/diag/Trace.o
LOAD ./system/src/diag/trace_impl.o
LOAD ./system/src/cortexm/_initialize_hardware.o
LOAD ./system/src/cortexm/_reset_hardware.o
LOAD ./system/src/cortexm/exception_handlers.o
LOAD ./system/src/cmsis/system_stm32f10x.o
LOAD ./system/src/cmsis/vectors_stm32f10x.o
LOAD ./src/ON_OFF_GPIO.o
LOAD ./src/UART.o
LOAD ./src/_write.o
LOAD ./src/adc.o
LOAD ./src/interrupt_gpio.o
LOAD ./src/main.o
LOAD ./src/timer.o
LOAD f:/eclipse/gcc-arm-none/9 2020-q2-update/bin/../lib/gcc/arm-none-eabi/9.3.1/../../../../arm-none-eabi/lib/thumb/v7-m/nofp\libstdc++_nano.a
LOAD f:/eclipse/gcc-arm-none/9 2020-q2-update/bin/../lib/gcc/arm-none-eabi/9.3.1/../../../../arm-none-eabi/lib/thumb/v7-m/nofp\libm.a
START GROUP
LOAD f:/eclipse/gcc-arm-none/9 2020-q2-update/bin/../lib/gcc/arm-none-eabi/9.3.1/thumb/v7-m/nofp\libgcc.a
LOAD f:/eclipse/gcc-arm-none/9 2020-q2-update/bin/../lib/gcc/arm-none-eabi/9.3.1/../../../../arm-none-eabi/lib/thumb/v7-m/nofp\libg_nano.a
LOAD f:/eclipse/gcc-arm-none/9 2020-q2-update/bin/../lib/gcc/arm-none-eabi/9.3.1/../../../../arm-none-eabi/lib/thumb/v7-m/nofp\libc_nano.a
END GROUP
START GROUP
LOAD f:/eclipse/gcc-arm-none/9 2020-q2-update/bin/../lib/gcc/arm-none-eabi/9.3.1/thumb/v7-m/nofp\libgcc.a
LOAD f:/eclipse/gcc-arm-none/9 2020-q2-update/bin/../lib/gcc/arm-none-eabi/9.3.1/../../../../arm-none-eabi/lib/thumb/v7-m/nofp\libc_nano.a
END GROUP
                0x20005000                __stack = (ORIGIN (RAM) + LENGTH (RAM))
                0x20005000                _estack = __stack
                0x00000400                __Main_Stack_Size = 0x400
                [!provide]                PROVIDE (_Main_Stack_Size = __Main_Stack_Size)
                0x20004c00                __Main_Stack_Limit = (__stack - __Main_Stack_Size)
                [!provide]                PROVIDE (_Main_Stack_Limit = __Main_Stack_Limit)
                0x00000100                _Minimum_Stack_Size = 0x100
                0x20000160                PROVIDE (_Heap_Begin = _end_noinit)
                0x20004c00                PROVIDE (_Heap_Limit = (__stack - __Main_Stack_Size))

.isr_vector     0x08000000      0x350
 FILL mask 0xff
                0x08000000                __vectors_start = ABSOLUTE (.)
                0x08000000                __vectors_start__ = ABSOLUTE (.)
 *(.isr_vector)
 .isr_vector    0x08000000      0x10c ./system/src/cmsis/vectors_stm32f10x.o
                0x08000000                __isr_vectors
 *(.cfmconfig)
 *(.after_vectors .after_vectors.*)
 .after_vectors
                0x0800010c      0x114 ./system/src/newlib/_startup.o
                0x0800010c                _start
 .after_vectors
                0x08000220      0x12c ./system/src/cortexm/exception_handlers.o
                0x08000220                Reset_Handler
                0x08000226                NMI_Handler
                0x0800022a                HardFault_Handler
                0x0800023e                HardFault_Handler_C
                0x0800029c                MemManage_Handler
                0x080002a0                BusFault_Handler
                0x080002b4                BusFault_Handler_C
                0x080002e8                UsageFault_Handler
                0x080002fc                UsageFault_Handler_C
                0x08000330                SVC_Handler
                0x08000334                DebugMon_Handler
                0x08000338                PendSV_Handler
 .after_vectors
                0x0800034c        0x4 ./system/src/cmsis/vectors_stm32f10x.o
                0x0800034c                EXTI2_IRQHandler
                0x0800034c                TIM8_TRG_COM_IRQHandler
                0x0800034c                TIM8_CC_IRQHandler
                0x0800034c                TIM1_CC_IRQHandler
                0x0800034c                TIM6_IRQHandler
                0x0800034c                PVD_IRQHandler
                0x0800034c                SDIO_IRQHandler
                0x0800034c                CAN2_RX1_IRQHandler
                0x0800034c                EXTI3_IRQHandler
                0x0800034c                TIM8_TRG_COM_TIM14_IRQHandler
                0x0800034c                TIM1_UP_TIM10_IRQHandler
                0x0800034c                TIM8_UP_TIM13_IRQHandler
                0x0800034c                EXTI0_IRQHandler
                0x0800034c                I2C2_EV_IRQHandler
                0x0800034c                CAN1_RX0_IRQHandler
                0x0800034c                TIM1_UP_TIM16_IRQHandler
                0x0800034c                CAN2_SCE_IRQHandler
                0x0800034c                ADC1_2_IRQHandler
                0x0800034c                SPI1_IRQHandler
                0x0800034c                TAMPER_IRQHandler
                0x0800034c                TIM6_DAC_IRQHandler
                0x0800034c                TIM1_BRK_TIM9_IRQHandler
                0x0800034c                CAN2_RX0_IRQHandler
                0x0800034c                TIM8_UP_IRQHandler
                0x0800034c                DMA2_Channel2_IRQHandler
                0x0800034c                DMA1_Channel4_IRQHandler
                0x0800034c                USART3_IRQHandler
                0x0800034c                RTC_IRQHandler
                0x0800034c                DMA1_Channel7_IRQHandler
                0x0800034c                CAN1_RX1_IRQHandler
                0x0800034c                UART5_IRQHandler
                0x0800034c                ADC3_IRQHandler
                0x0800034c                TIM4_IRQHandler
                0x0800034c                DMA2_Channel1_IRQHandler
                0x0800034c                I2C1_EV_IRQHandler
                0x0800034c                DMA1_Channel6_IRQHandler
                0x0800034c                UART4_IRQHandler
                0x0800034c                DMA2_Channel4_IRQHandler
                0x0800034c                TIM3_IRQHandler
                0x0800034c                RCC_IRQHandler
                0x0800034c                TIM8_BRK_TIM12_IRQHandler
                0x0800034c                TIM1_TRG_COM_IRQHandler
                0x0800034c                DMA1_Channel1_IRQHandler
                0x0800034c                Default_Handler
                0x0800034c                CEC_IRQHandler
                0x0800034c                TIM14_IRQHandler
                0x0800034c                TIM13_IRQHandler
                0x0800034c                TIM12_IRQHandler
                0x0800034c                TIM7_IRQHandler
                0x0800034c                CAN2_TX_IRQHandler
                0x0800034c                TIM5_IRQHandler
                0x0800034c                EXTI9_5_IRQHandler
                0x0800034c                ETH_WKUP_IRQHandler
                0x0800034c                SPI2_IRQHandler
                0x0800034c                CAN1_TX_IRQHandler
                0x0800034c                DMA2_Channel5_IRQHandler
                0x0800034c                DMA1_Channel5_IRQHandler
                0x0800034c                EXTI4_IRQHandler
                0x0800034c                USB_LP_CAN1_RX0_IRQHandler
                0x0800034c                TIM1_TRG_COM_TIM17_IRQHandler
                0x0800034c                USB_HP_CAN1_TX_IRQHandler
                0x0800034c                DMA1_Channel3_IRQHandler
                0x0800034c                FSMC_IRQHandler
                0x0800034c                ETH_IRQHandler
                0x0800034c                TIM1_UP_IRQHandler
                0x0800034c                WWDG_IRQHandler
                0x0800034c                OTG_FS_WKUP_IRQHandler
                0x0800034c                TIM1_TRG_COM_TIM11_IRQHandler
                0x0800034c                TIM1_BRK_IRQHandler
                0x0800034c                EXTI1_IRQHandler
                0x0800034c                RTCAlarm_IRQHandler
                0x0800034c                DMA2_Channel4_5_IRQHandler
                0x0800034c                USART2_IRQHandler
                0x0800034c                I2C2_ER_IRQHandler
                0x0800034c                DMA1_Channel2_IRQHandler
                0x0800034c                TIM8_BRK_IRQHandler
                0x0800034c                CAN1_SCE_IRQHandler
                0x0800034c                FLASH_IRQHandler
                0x0800034c                OTG_FS_IRQHandler
                0x0800034c                SPI3_IRQHandler
                0x0800034c                I2C1_ER_IRQHandler
                0x0800034c                USBWakeUp_IRQHandler
                0x0800034c                DMA2_Channel3_IRQHandler
                0x0800034c                TIM1_BRK_TIM15_IRQHandler

.inits          0x08000350       0x28
                0x08000350                __data_regions_array_start = .
                0x08000350        0x4 LONG 0x8002040 LOADADDR (.data)
                0x08000354        0x4 LONG 0x20000000 ADDR (.data)
                0x08000358        0x4 LONG 0x20000088 (ADDR (.data) + SIZEOF (.data))
                0x0800035c        0x4 LONG 0x8002040 LOADADDR (.data_CCMRAM)
                0x08000360        0x4 LONG 0x0 ADDR (.data_CCMRAM)
                0x08000364        0x4 LONG 0x0 (ADDR (.data_CCMRAM) + SIZEOF (.data_CCMRAM))
                0x08000368                __data_regions_array_end = .
                0x08000368                __bss_regions_array_start = .
                0x08000368        0x4 LONG 0x20000088 ADDR (.bss)
                0x0800036c        0x4 LONG 0x20000160 (ADDR (.bss) + SIZEOF (.bss))
                0x08000370        0x4 LONG 0x0 ADDR (.bss_CCMRAM)
                0x08000374        0x4 LONG 0x0 (ADDR (.bss_CCMRAM) + SIZEOF (.bss_CCMRAM))
                0x08000378                __bss_regions_array_end = .
 *(.init)
 *(.fini)
                0x08000378                . = ALIGN (0x4)
                0x08000378                PROVIDE (__preinit_array_start = .)
 *(.preinit_array_sysinit .preinit_array_sysinit.*)
 *(.preinit_array_platform .preinit_array_platform.*)
 *(.preinit_array .preinit_array.*)
                0x08000378                PROVIDE (__preinit_array_end = .)
                0x08000378                . = ALIGN (0x4)
                0x08000378                PROVIDE (__init_array_start = .)
 *(SORT_BY_NAME(.init_array.*))
 *(.init_array)
                0x08000378                PROVIDE (__init_array_end = .)
                0x08000378                . = ALIGN (0x4)
                0x08000378                PROVIDE (__fini_array_start = .)
 *(SORT_BY_NAME(.fini_array.*))
 *(.fini_array)
                0x08000378                PROVIDE (__fini_array_end = .)

.flashtext
 *(.flashtext .flashtext.*)

.text           0x08000378     0x1cc5
 *(.text .text.*)
 .text.NVIC_PriorityGroupConfig
                0x08000378       0x44 ./system/src/stm32f1-stdperiph/misc.o
                0x08000378                NVIC_PriorityGroupConfig
 .text.NVIC_Init
                0x080003bc       0x98 ./system/src/stm32f1-stdperiph/misc.o
                0x080003bc                NVIC_Init
 .text.EXTI_Init
                0x08000454       0xdc ./system/src/stm32f1-stdperiph/stm32f10x_exti.o
                0x08000454                EXTI_Init
 .text.EXTI_GetITStatus
                0x08000530       0x98 ./system/src/stm32f1-stdperiph/stm32f10x_exti.o
                0x08000530                EXTI_GetITStatus
 .text.EXTI_ClearITPendingBit
                0x080005c8       0x24 ./system/src/stm32f1-stdperiph/stm32f10x_exti.o
                0x080005c8                EXTI_ClearITPendingBit
 .text.GPIO_Init
                0x080005ec      0x134 ./system/src/stm32f1-stdperiph/stm32f10x_gpio.o
                0x080005ec                GPIO_Init
 .text.GPIO_EXTILineConfig
                0x08000720       0x5c ./system/src/stm32f1-stdperiph/stm32f10x_gpio.o
                0x08000720                GPIO_EXTILineConfig
 .text.RCC_APB2PeriphClockCmd
                0x0800077c       0x4c ./system/src/stm32f1-stdperiph/stm32f10x_rcc.o
                0x0800077c                RCC_APB2PeriphClockCmd
 .text.RCC_APB1PeriphClockCmd
                0x080007c8       0x4c ./system/src/stm32f1-stdperiph/stm32f10x_rcc.o
                0x080007c8                RCC_APB1PeriphClockCmd
 .text.TIM_TimeBaseInit
                0x08000814      0x160 ./system/src/stm32f1-stdperiph/stm32f10x_tim.o
                0x08000814                TIM_TimeBaseInit
 .text.TIM_Cmd  0x08000974       0xc8 ./system/src/stm32f1-stdperiph/stm32f10x_tim.o
                0x08000974                TIM_Cmd
 .text.TIM_ITConfig
                0x08000a3c       0xd8 ./system/src/stm32f1-stdperiph/stm32f10x_tim.o
                0x08000a3c                TIM_ITConfig
 .text.TIM_GetITStatus
                0x08000b14       0xe0 ./system/src/stm32f1-stdperiph/stm32f10x_tim.o
                0x08000b14                TIM_GetITStatus
 .text.TIM_ClearITPendingBit
                0x08000bf4       0xb8 ./system/src/stm32f1-stdperiph/stm32f10x_tim.o
                0x08000bf4                TIM_ClearITPendingBit
 .text.USART_ReceiveData
                0x08000cac       0x44 ./system/src/stm32f1-stdperiph/stm32f10x_usart.o
                0x08000cac                USART_ReceiveData
 .text.USART_GetITStatus
                0x08000cf0      0x104 ./system/src/stm32f1-stdperiph/stm32f10x_usart.o
                0x08000cf0                USART_GetITStatus
 .text._exit    0x08000df4        0x2 ./system/src/newlib/_exit.o
                0x08000df4                _exit
 *fill*         0x08000df6        0x2 
 .text.abort    0x08000df8       0x14 ./system/src/newlib/_exit.o
                0x08000df8                abort
 .text._sbrk    0x08000e0c       0x44 ./system/src/newlib/_sbrk.o
                0x08000e0c                _sbrk
 .text.__initialize_args
                0x08000e50       0x10 ./system/src/newlib/_syscalls.o
                0x08000e50                __initialize_args
 .text.assert_failed
                0x08000e60       0x14 ./system/src/newlib/assert.o
                0x08000e60                assert_failed
 .text.trace_printf
                0x08000e74       0x34 ./system/src/diag/Trace.o
                0x08000e74                trace_printf
 .text.trace_puts
                0x08000ea8       0x20 ./system/src/diag/Trace.o
                0x08000ea8                trace_puts
 .text._trace_write_semihosting_debug
                0x08000ec8       0x60 ./system/src/diag/trace_impl.o
 .text.trace_write
                0x08000f28        0x8 ./system/src/diag/trace_impl.o
                0x08000f28                trace_write
 .text.__initialize_hardware_early
                0x08000f30       0x18 ./system/src/cortexm/_initialize_hardware.o
                0x08000f30                __initialize_hardware_early
 .text.__initialize_hardware
                0x08000f48        0x8 ./system/src/cortexm/_initialize_hardware.o
                0x08000f48                __initialize_hardware
 .text.dumpExceptionStack
                0x08000f50       0xf4 ./system/src/cortexm/exception_handlers.o
                0x08000f50                dumpExceptionStack
 .text.isSemihosting
                0x08001044       0x20 ./system/src/cortexm/exception_handlers.o
                0x08001044                isSemihosting
 .text.SetSysClockTo72
                0x08001064       0xc4 ./system/src/cmsis/system_stm32f10x.o
 .text.SetSysClock
                0x08001128        0x8 ./system/src/cmsis/system_stm32f10x.o
 .text.SystemInit
                0x08001130       0x50 ./system/src/cmsis/system_stm32f10x.o
                0x08001130                SystemInit
 .text.SystemCoreClockUpdate
                0x08001180       0x94 ./system/src/cmsis/system_stm32f10x.o
                0x08001180                SystemCoreClockUpdate
 .text.config_clock
                0x08001214        0xc ./src/interrupt_gpio.o
                0x08001214                config_clock
 .text.config_GPIO_INTERRUPT
                0x08001220       0x34 ./src/interrupt_gpio.o
                0x08001220                config_GPIO_INTERRUPT
 .text.config_exti
                0x08001254       0x28 ./src/interrupt_gpio.o
                0x08001254                config_exti
 .text.config_NVCI_GPIO
                0x0800127c       0x2c ./src/interrupt_gpio.o
                0x0800127c                config_NVCI_GPIO
 .text.config   0x080012a8       0x14 ./src/interrupt_gpio.o
                0x080012a8                config
 .text.EXTI15_10_IRQHandler
                0x080012bc       0x1a ./src/main.o
                0x080012bc                EXTI15_10_IRQHandler
 *fill*         0x080012d6        0x2 
 .text.SysTick_Handler
                0x080012d8       0x14 ./src/main.o
                0x080012d8                SysTick_Handler
 .text.delay_ms
                0x080012ec       0x10 ./src/main.o
                0x080012ec                delay_ms
 .text.main     0x080012fc       0x6c ./src/main.o
                0x080012fc                main
 .text.TIM2_IRQHandler
                0x08001368       0x1e ./src/main.o
                0x08001368                TIM2_IRQHandler
 *fill*         0x08001386        0x2 
 .text.USART1_IRQHandler
                0x08001388       0x80 ./src/main.o
                0x08001388                USART1_IRQHandler
 .text.config_timer
                0x08001408       0x72 ./src/timer.o
                0x08001408                config_timer
 *fill*         0x0800147a        0x2 
 .text.config_watchdog_IWDG
                0x0800147c       0x20 ./src/timer.o
                0x0800147c                config_watchdog_IWDG
 .text.__errno  0x0800149c        0xc f:/eclipse/gcc-arm-none/9 2020-q2-update/bin/../lib/gcc/arm-none-eabi/9.3.1/../../../../arm-none-eabi/lib/thumb/v7-m/nofp\libg_nano.a(lib_a-errno.o)
                0x0800149c                __errno
 .text          0x080014a8       0x10 f:/eclipse/gcc-arm-none/9 2020-q2-update/bin/../lib/gcc/arm-none-eabi/9.3.1/../../../../arm-none-eabi/lib/thumb/v7-m/nofp\libg_nano.a(lib_a-strlen.o)
                0x080014a8                strlen
 .text._vsnprintf_r
                0x080014b8       0x58 f:/eclipse/gcc-arm-none/9 2020-q2-update/bin/../lib/gcc/arm-none-eabi/9.3.1/../../../../arm-none-eabi/lib/thumb/v7-m/nofp\libg_nano.a(lib_a-vsnprintf.o)
                0x080014b8                _vsniprintf_r
                0x080014b8                _vsnprintf_r
 .text.vsnprintf
                0x08001510       0x1c f:/eclipse/gcc-arm-none/9 2020-q2-update/bin/../lib/gcc/arm-none-eabi/9.3.1/../../../../arm-none-eabi/lib/thumb/v7-m/nofp\libg_nano.a(lib_a-vsnprintf.o)
                0x08001510                vsniprintf
                0x08001510                vsnprintf
 .text.__ssputs_r
                0x0800152c       0xb6 f:/eclipse/gcc-arm-none/9 2020-q2-update/bin/../lib/gcc/arm-none-eabi/9.3.1/../../../../arm-none-eabi/lib/thumb/v7-m/nofp\libg_nano.a(lib_a-nano-svfprintf.o)
                0x0800152c                __ssputs_r
 *fill*         0x080015e2        0x2 
 .text._svfprintf_r
                0x080015e4      0x200 f:/eclipse/gcc-arm-none/9 2020-q2-update/bin/../lib/gcc/arm-none-eabi/9.3.1/../../../../arm-none-eabi/lib/thumb/v7-m/nofp\libg_nano.a(lib_a-nano-svfprintf.o)
                0x080015e4                _svfiprintf_r
                0x080015e4                _svfprintf_r
 .text._printf_common
                0x080017e4       0xde f:/eclipse/gcc-arm-none/9 2020-q2-update/bin/../lib/gcc/arm-none-eabi/9.3.1/../../../../arm-none-eabi/lib/thumb/v7-m/nofp\libg_nano.a(lib_a-nano-vfprintf_i.o)
                0x080017e4                _printf_common
 *fill*         0x080018c2        0x2 
 .text._printf_i
                0x080018c4      0x24c f:/eclipse/gcc-arm-none/9 2020-q2-update/bin/../lib/gcc/arm-none-eabi/9.3.1/../../../../arm-none-eabi/lib/thumb/v7-m/nofp\libg_nano.a(lib_a-nano-vfprintf_i.o)
                0x080018c4                _printf_i
 .text.memchr   0x08001b10       0x1c f:/eclipse/gcc-arm-none/9 2020-q2-update/bin/../lib/gcc/arm-none-eabi/9.3.1/../../../../arm-none-eabi/lib/thumb/v7-m/nofp\libg_nano.a(lib_a-memchr-stub.o)
                0x08001b10                memchr
 .text.memcpy   0x08001b2c       0x1c f:/eclipse/gcc-arm-none/9 2020-q2-update/bin/../lib/gcc/arm-none-eabi/9.3.1/../../../../arm-none-eabi/lib/thumb/v7-m/nofp\libg_nano.a(lib_a-memcpy-stub.o)
                0x08001b2c                memcpy
 .text.memmove  0x08001b48       0x34 f:/eclipse/gcc-arm-none/9 2020-q2-update/bin/../lib/gcc/arm-none-eabi/9.3.1/../../../../arm-none-eabi/lib/thumb/v7-m/nofp\libg_nano.a(lib_a-memmove.o)
                0x08001b48                memmove
 .text._free_r  0x08001b7c       0x98 f:/eclipse/gcc-arm-none/9 2020-q2-update/bin/../lib/gcc/arm-none-eabi/9.3.1/../../../../arm-none-eabi/lib/thumb/v7-m/nofp\libg_nano.a(lib_a-nano-freer.o)
                0x08001b7c                _free_r
 .text._malloc_r
                0x08001c14       0xb4 f:/eclipse/gcc-arm-none/9 2020-q2-update/bin/../lib/gcc/arm-none-eabi/9.3.1/../../../../arm-none-eabi/lib/thumb/v7-m/nofp\libg_nano.a(lib_a-nano-mallocr.o)
                0x08001c14                _malloc_r
 .text._realloc_r
                0x08001cc8       0x4c f:/eclipse/gcc-arm-none/9 2020-q2-update/bin/../lib/gcc/arm-none-eabi/9.3.1/../../../../arm-none-eabi/lib/thumb/v7-m/nofp\libg_nano.a(lib_a-nano-reallocr.o)
                0x08001cc8                _realloc_r
 .text._sbrk_r  0x08001d14       0x20 f:/eclipse/gcc-arm-none/9 2020-q2-update/bin/../lib/gcc/arm-none-eabi/9.3.1/../../../../arm-none-eabi/lib/thumb/v7-m/nofp\libg_nano.a(lib_a-sbrkr.o)
                0x08001d14                _sbrk_r
 .text.__malloc_lock
                0x08001d34        0xc f:/eclipse/gcc-arm-none/9 2020-q2-update/bin/../lib/gcc/arm-none-eabi/9.3.1/../../../../arm-none-eabi/lib/thumb/v7-m/nofp\libg_nano.a(lib_a-mlock.o)
                0x08001d34                __malloc_lock
 .text.__malloc_unlock
                0x08001d40        0xc f:/eclipse/gcc-arm-none/9 2020-q2-update/bin/../lib/gcc/arm-none-eabi/9.3.1/../../../../arm-none-eabi/lib/thumb/v7-m/nofp\libg_nano.a(lib_a-mlock.o)
                0x08001d40                __malloc_unlock
 .text._malloc_usable_size_r
                0x08001d4c       0x10 f:/eclipse/gcc-arm-none/9 2020-q2-update/bin/../lib/gcc/arm-none-eabi/9.3.1/../../../../arm-none-eabi/lib/thumb/v7-m/nofp\libg_nano.a(lib_a-nano-msizer.o)
                0x08001d4c                _malloc_usable_size_r
 .text.__retarget_lock_acquire_recursive
                0x08001d5c        0x2 f:/eclipse/gcc-arm-none/9 2020-q2-update/bin/../lib/gcc/arm-none-eabi/9.3.1/../../../../arm-none-eabi/lib/thumb/v7-m/nofp\libg_nano.a(lib_a-lock.o)
                0x08001d5c                __retarget_lock_acquire_recursive
 .text.__retarget_lock_release_recursive
                0x08001d5e        0x2 f:/eclipse/gcc-arm-none/9 2020-q2-update/bin/../lib/gcc/arm-none-eabi/9.3.1/../../../../arm-none-eabi/lib/thumb/v7-m/nofp\libg_nano.a(lib_a-lock.o)
                0x08001d5e                __retarget_lock_release_recursive
 *(.rodata .rodata.* .constdata .constdata.*)
 .rodata.NVIC_PriorityGroupConfig.str1.4
                0x08001d60       0x27 ./system/src/stm32f1-stdperiph/misc.o
 *fill*         0x08001d87        0x1 
 .rodata.EXTI_Init.str1.4
                0x08001d88       0x31 ./system/src/stm32f1-stdperiph/stm32f10x_exti.o
 *fill*         0x08001db9        0x3 
 .rodata.GPIO_DeInit.str1.4
                0x08001dbc       0x31 ./system/src/stm32f1-stdperiph/stm32f10x_gpio.o
 *fill*         0x08001ded        0x3 
 .rodata.RCC_HSEConfig.str1.4
                0x08001df0       0x30 ./system/src/stm32f1-stdperiph/stm32f10x_rcc.o
 .rodata.TIM_DeInit.str1.4
                0x08001e20       0x30 ./system/src/stm32f1-stdperiph/stm32f10x_tim.o
 .rodata.USART_DeInit.str1.4
                0x08001e50       0x32 ./system/src/stm32f1-stdperiph/stm32f10x_usart.o
 *fill*         0x08001e82        0x2 
 .rodata.abort.str1.4
                0x08001e84       0x14 ./system/src/newlib/_exit.o
 .rodata.assert_failed.str1.4
                0x08001e98       0x2b ./system/src/newlib/assert.o
 .rodata.trace_puts.str1.4
                0x08001ec3       0x2b ./system/src/diag/Trace.o
                                  0x2 (size before relaxing)
 *fill*         0x08001ec3        0x1 
 .rodata.dumpExceptionStack.str1.4
                0x08001ec4      0x11a ./system/src/cortexm/exception_handlers.o
 *fill*         0x08001fde        0x2 
 .rodata.str1.4
                0x08001fe0       0x2a ./system/src/cortexm/exception_handlers.o
 .rodata._svfprintf_r.str1.1
                0x0800200a       0x11 f:/eclipse/gcc-arm-none/9 2020-q2-update/bin/../lib/gcc/arm-none-eabi/9.3.1/../../../../arm-none-eabi/lib/thumb/v7-m/nofp\libg_nano.a(lib_a-nano-svfprintf.o)
 .rodata._printf_i.str1.1
                0x0800201b       0x22 f:/eclipse/gcc-arm-none/9 2020-q2-update/bin/../lib/gcc/arm-none-eabi/9.3.1/../../../../arm-none-eabi/lib/thumb/v7-m/nofp\libg_nano.a(lib_a-nano-vfprintf_i.o)
 *(vtable)
 *(.eh_frame*)
 *(.glue_7)
 .glue_7        0x0800203d        0x0 linker stubs
 *(.glue_7t)
 .glue_7t       0x0800203d        0x0 linker stubs

.vfp11_veneer   0x08002040        0x0
 .vfp11_veneer  0x08002040        0x0 linker stubs

.v4_bx          0x08002040        0x0
 .v4_bx         0x08002040        0x0 linker stubs

.iplt           0x08002040        0x0
 .iplt          0x08002040        0x0 ./system/src/stm32f1-stdperiph/misc.o

.rel.dyn        0x08002040        0x0
 .rel.iplt      0x08002040        0x0 ./system/src/stm32f1-stdperiph/misc.o

.ARM.extab
 *(.ARM.extab* .gnu.linkonce.armextab.*)
                0x08002040                . = ALIGN (0x4)
                0x08002040                __exidx_start = .

.ARM.exidx
 *(.ARM.exidx* .gnu.linkonce.armexidx.*)
                0x08002040                __exidx_end = .
                0x08002040                . = ALIGN (0x4)
                0x08002040                _etext = .
                0x08002040                __etext = .

.data_CCMRAM    0x00000000        0x0 load address 0x08002040
 FILL mask 0xff
 *(.data.CCMRAM .data.CCMRAM.*)
                0x00000000                . = ALIGN (0x4)
                0x08002040                _sidata = LOADADDR (.data)

.data           0x20000000       0x88 load address 0x08002040
 FILL mask 0xff
                0x20000000                _sdata = .
                0x20000000                __data_start__ = .
 *(.data_begin .data_begin.*)
 .data_begin    0x20000000        0x4 ./system/src/newlib/_startup.o
 *(.data .data.*)
 .data.argv.4353
                0x20000004        0x8 ./system/src/newlib/_syscalls.o
 .data.AHBPrescTable
                0x2000000c       0x10 ./system/src/cmsis/system_stm32f10x.o
                0x2000000c                AHBPrescTable
 .data.SystemCoreClock
                0x2000001c        0x4 ./system/src/cmsis/system_stm32f10x.o
                0x2000001c                SystemCoreClock
 .data._impure_ptr
                0x20000020        0x4 f:/eclipse/gcc-arm-none/9 2020-q2-update/bin/../lib/gcc/arm-none-eabi/9.3.1/../../../../arm-none-eabi/lib/thumb/v7-m/nofp\libg_nano.a(lib_a-impure.o)
                0x20000020                _impure_ptr
 .data.impure_data
                0x20000024       0x60 f:/eclipse/gcc-arm-none/9 2020-q2-update/bin/../lib/gcc/arm-none-eabi/9.3.1/../../../../arm-none-eabi/lib/thumb/v7-m/nofp\libg_nano.a(lib_a-impure.o)
 *(.data_end .data_end.*)
 .data_end      0x20000084        0x4 ./system/src/newlib/_startup.o
                0x20000088                . = ALIGN (0x4)
                0x20000088                _edata = .
                0x20000088                __data_end__ = .

.igot.plt       0x20000088        0x0 load address 0x080020c8
 .igot.plt      0x20000088        0x0 ./system/src/stm32f1-stdperiph/misc.o

.bss_CCMRAM     0x00000000        0x0
 *(.bss.CCMRAM .bss.CCMRAM.*)

.bss            0x20000088       0xd8
                0x20000088                __bss_start__ = .
                0x20000088                _sbss = .
 *(.bss_begin .bss_begin.*)
 .bss_begin     0x20000088        0x4 ./system/src/newlib/_startup.o
 *(.bss .bss.*)
 .bss.current_heap_end.3985
                0x2000008c        0x4 ./system/src/newlib/_sbrk.o
 .bss.name.4352
                0x20000090        0x1 ./system/src/newlib/_syscalls.o
 *fill*         0x20000091        0x3 
 .bss.buf.5229  0x20000094       0x80 ./system/src/diag/Trace.o
 .bss.cout      0x20000114        0x1 ./src/main.o
                0x20000114                cout
 *fill*         0x20000115        0x3 
 .bss.delayms   0x20000118        0x4 ./src/main.o
                0x20000118                delayms
 .bss.__malloc_free_list
                0x2000011c        0x4 f:/eclipse/gcc-arm-none/9 2020-q2-update/bin/../lib/gcc/arm-none-eabi/9.3.1/../../../../arm-none-eabi/lib/thumb/v7-m/nofp\libg_nano.a(lib_a-nano-mallocr.o)
                0x2000011c                __malloc_free_list
 .bss.__malloc_sbrk_start
                0x20000120        0x4 f:/eclipse/gcc-arm-none/9 2020-q2-update/bin/../lib/gcc/arm-none-eabi/9.3.1/../../../../arm-none-eabi/lib/thumb/v7-m/nofp\libg_nano.a(lib_a-nano-mallocr.o)
                0x20000120                __malloc_sbrk_start
 *(COMMON)
 COMMON         0x20000124        0x4 ./system/src/newlib/_syscalls.o
                0x20000124                errno
 COMMON         0x20000128       0x28 ./src/main.o
                0x20000128                data_receive
 COMMON         0x20000150        0x9 f:/eclipse/gcc-arm-none/9 2020-q2-update/bin/../lib/gcc/arm-none-eabi/9.3.1/../../../../arm-none-eabi/lib/thumb/v7-m/nofp\libg_nano.a(lib_a-lock.o)
                0x20000150                __lock___atexit_recursive_mutex
                0x20000151                __lock___arc4random_mutex
                0x20000152                __lock___env_recursive_mutex
                0x20000153                __lock___sinit_recursive_mutex
                0x20000154                __lock___malloc_recursive_mutex
                0x20000155                __lock___at_quick_exit_mutex
                0x20000156                __lock___dd_hash_mutex
                0x20000157                __lock___tz_mutex
                0x20000158                __lock___sfp_recursive_mutex
 *(.bss_end .bss_end.*)
 *fill*         0x20000159        0x3 
 .bss_end       0x2000015c        0x4 ./system/src/newlib/_startup.o
                0x20000160                . = ALIGN (0x4)
                0x20000160                __bss_end__ = .
                0x20000160                _ebss = .

.noinit_CCMRAM
 *(.noinit.CCMRAM .noinit.CCMRAM.*)

.noinit         0x20000160        0x0
                0x20000160                _noinit = .
 *(.noinit .noinit.*)
                0x20000160                . = ALIGN (0x4)
                0x20000160                _end_noinit = .
                [!provide]                PROVIDE (end = _end_noinit)
                [!provide]                PROVIDE (_end = _end_noinit)
                [!provide]                PROVIDE (__end = _end_noinit)
                [!provide]                PROVIDE (__end__ = _end_noinit)

._check_stack   0x20000160      0x100
                0x20000260                . = (. + _Minimum_Stack_Size)
 *fill*         0x20000160      0x100 

.b1text
 *(.b1text)
 *(.b1rodata)
 *(.b1rodata.*)

.eb0text
 *(.eb0text)
 *(.eb0rodata)
 *(.eb0rodata.*)

.eb1text
 *(.eb1text)
 *(.eb1rodata)
 *(.eb1rodata.*)

.eb2text
 *(.eb2text)
 *(.eb2rodata)
 *(.eb2rodata.*)

.eb3text
 *(.eb3text)
 *(.eb3rodata)
 *(.eb3rodata.*)

.stab
 *(.stab)

.stabstr
 *(.stabstr)

.stab.excl
 *(.stab.excl)

.stab.exclstr
 *(.stab.exclstr)

.stab.index
 *(.stab.index)

.stab.indexstr
 *(.stab.indexstr)

.comment        0x00000000       0x4c
 *(.comment)
 .comment       0x00000000       0x4c ./system/src/stm32f1-stdperiph/misc.o
                                 0x4d (size before relaxing)
 .comment       0x0000004c       0x4d ./system/src/stm32f1-stdperiph/stm32f10x_exti.o
 .comment       0x0000004c       0x4d ./system/src/stm32f1-stdperiph/stm32f10x_gpio.o
 .comment       0x0000004c       0x4d ./system/src/stm32f1-stdperiph/stm32f10x_rcc.o
 .comment       0x0000004c       0x4d ./system/src/stm32f1-stdperiph/stm32f10x_tim.o
 .comment       0x0000004c       0x4d ./system/src/stm32f1-stdperiph/stm32f10x_usart.o
 .comment       0x0000004c       0x4d ./system/src/newlib/_exit.o
 .comment       0x0000004c       0x4d ./system/src/newlib/_sbrk.o
 .comment       0x0000004c       0x4d ./system/src/newlib/_startup.o
 .comment       0x0000004c       0x4d ./system/src/newlib/_syscalls.o
 .comment       0x0000004c       0x4d ./system/src/newlib/assert.o
 .comment       0x0000004c       0x4d ./system/src/diag/Trace.o
 .comment       0x0000004c       0x4d ./system/src/diag/trace_impl.o
 .comment       0x0000004c       0x4d ./system/src/cortexm/_initialize_hardware.o
 .comment       0x0000004c       0x4d ./system/src/cortexm/exception_handlers.o
 .comment       0x0000004c       0x4d ./system/src/cmsis/system_stm32f10x.o
 .comment       0x0000004c       0x4d ./system/src/cmsis/vectors_stm32f10x.o
 .comment       0x0000004c       0x4d ./src/interrupt_gpio.o
 .comment       0x0000004c       0x4d ./src/main.o
 .comment       0x0000004c       0x4d ./src/timer.o

.ARM.attributes
                0x00000000       0x2b
 .ARM.attributes
                0x00000000       0x2d ./system/src/stm32f1-stdperiph/misc.o
 .ARM.attributes
                0x0000002d       0x2d ./system/src/stm32f1-stdperiph/stm32f10x_exti.o
 .ARM.attributes
                0x0000005a       0x2d ./system/src/stm32f1-stdperiph/stm32f10x_gpio.o
 .ARM.attributes
                0x00000087       0x2d ./system/src/stm32f1-stdperiph/stm32f10x_rcc.o
 .ARM.attributes
                0x000000b4       0x2d ./system/src/stm32f1-stdperiph/stm32f10x_tim.o
 .ARM.attributes
                0x000000e1       0x2d ./system/src/stm32f1-stdperiph/stm32f10x_usart.o
 .ARM.attributes
                0x0000010e       0x2d ./system/src/newlib/_exit.o
 .ARM.attributes
                0x0000013b       0x2d ./system/src/newlib/_sbrk.o
 .ARM.attributes
                0x00000168       0x2d ./system/src/newlib/_startup.o
 .ARM.attributes
                0x00000195       0x2d ./system/src/newlib/_syscalls.o
 .ARM.attributes
                0x000001c2       0x2d ./system/src/newlib/assert.o
 .ARM.attributes
                0x000001ef       0x2d ./system/src/diag/Trace.o
 .ARM.attributes
                0x0000021c       0x2d ./system/src/diag/trace_impl.o
 .ARM.attributes
                0x00000249       0x2d ./system/src/cortexm/_initialize_hardware.o
 .ARM.attributes
                0x00000276       0x2d ./system/src/cortexm/exception_handlers.o
 .ARM.attributes
                0x000002a3       0x2d ./system/src/cmsis/system_stm32f10x.o
 .ARM.attributes
                0x000002d0       0x2d ./system/src/cmsis/vectors_stm32f10x.o
 .ARM.attributes
                0x000002fd       0x2d ./src/interrupt_gpio.o
 .ARM.attributes
                0x0000032a       0x2d ./src/main.o
 .ARM.attributes
                0x00000357       0x2d ./src/timer.o
 .ARM.attributes
                0x00000384       0x2d f:/eclipse/gcc-arm-none/9 2020-q2-update/bin/../lib/gcc/arm-none-eabi/9.3.1/../../../../arm-none-eabi/lib/thumb/v7-m/nofp\libg_nano.a(lib_a-errno.o)
 .ARM.attributes
                0x000003b1       0x2d f:/eclipse/gcc-arm-none/9 2020-q2-update/bin/../lib/gcc/arm-none-eabi/9.3.1/../../../../arm-none-eabi/lib/thumb/v7-m/nofp\libg_nano.a(lib_a-impure.o)
 .ARM.attributes
                0x000003de       0x17 f:/eclipse/gcc-arm-none/9 2020-q2-update/bin/../lib/gcc/arm-none-eabi/9.3.1/../../../../arm-none-eabi/lib/thumb/v7-m/nofp\libg_nano.a(lib_a-strlen.o)
 .ARM.attributes
                0x000003f5       0x2d f:/eclipse/gcc-arm-none/9 2020-q2-update/bin/../lib/gcc/arm-none-eabi/9.3.1/../../../../arm-none-eabi/lib/thumb/v7-m/nofp\libg_nano.a(lib_a-vsnprintf.o)
 .ARM.attributes
                0x00000422       0x2d f:/eclipse/gcc-arm-none/9 2020-q2-update/bin/../lib/gcc/arm-none-eabi/9.3.1/../../../../arm-none-eabi/lib/thumb/v7-m/nofp\libg_nano.a(lib_a-nano-svfprintf.o)
 .ARM.attributes
                0x0000044f       0x2d f:/eclipse/gcc-arm-none/9 2020-q2-update/bin/../lib/gcc/arm-none-eabi/9.3.1/../../../../arm-none-eabi/lib/thumb/v7-m/nofp\libg_nano.a(lib_a-nano-vfprintf_i.o)
 .ARM.attributes
                0x0000047c       0x2d f:/eclipse/gcc-arm-none/9 2020-q2-update/bin/../lib/gcc/arm-none-eabi/9.3.1/../../../../arm-none-eabi/lib/thumb/v7-m/nofp\libg_nano.a(lib_a-memchr-stub.o)
 .ARM.attributes
                0x000004a9       0x2d f:/eclipse/gcc-arm-none/9 2020-q2-update/bin/../lib/gcc/arm-none-eabi/9.3.1/../../../../arm-none-eabi/lib/thumb/v7-m/nofp\libg_nano.a(lib_a-memcpy-stub.o)
 .ARM.attributes
                0x000004d6       0x2d f:/eclipse/gcc-arm-none/9 2020-q2-update/bin/../lib/gcc/arm-none-eabi/9.3.1/../../../../arm-none-eabi/lib/thumb/v7-m/nofp\libg_nano.a(lib_a-memmove.o)
 .ARM.attributes
                0x00000503       0x2d f:/eclipse/gcc-arm-none/9 2020-q2-update/bin/../lib/gcc/arm-none-eabi/9.3.1/../../../../arm-none-eabi/lib/thumb/v7-m/nofp\libg_nano.a(lib_a-nano-freer.o)
 .ARM.attributes
                0x00000530       0x2d f:/eclipse/gcc-arm-none/9 2020-q2-update/bin/../lib/gcc/arm-none-eabi/9.3.1/../../../../arm-none-eabi/lib/thumb/v7-m/nofp\libg_nano.a(lib_a-nano-mallocr.o)
 .ARM.attributes
                0x0000055d       0x2d f:/eclipse/gcc-arm-none/9 2020-q2-update/bin/../lib/gcc/arm-none-eabi/9.3.1/../../../../arm-none-eabi/lib/thumb/v7-m/nofp\libg_nano.a(lib_a-nano-reallocr.o)
 .ARM.attributes
                0x0000058a       0x2d f:/eclipse/gcc-arm-none/9 2020-q2-update/bin/../lib/gcc/arm-none-eabi/9.3.1/../../../../arm-none-eabi/lib/thumb/v7-m/nofp\libg_nano.a(lib_a-sbrkr.o)
 .ARM.attributes
                0x000005b7       0x2d f:/eclipse/gcc-arm-none/9 2020-q2-update/bin/../lib/gcc/arm-none-eabi/9.3.1/../../../../arm-none-eabi/lib/thumb/v7-m/nofp\libg_nano.a(lib_a-mlock.o)
 .ARM.attributes
                0x000005e4       0x2d f:/eclipse/gcc-arm-none/9 2020-q2-update/bin/../lib/gcc/arm-none-eabi/9.3.1/../../../../arm-none-eabi/lib/thumb/v7-m/nofp\libg_nano.a(lib_a-nano-msizer.o)
 .ARM.attributes
                0x00000611       0x2d f:/eclipse/gcc-arm-none/9 2020-q2-update/bin/../lib/gcc/arm-none-eabi/9.3.1/../../../../arm-none-eabi/lib/thumb/v7-m/nofp\libg_nano.a(lib_a-lock.o)

.debug
 *(.debug)

.line
 *(.line)

.debug_srcinfo
 *(.debug_srcinfo)

.debug_sfnames
 *(.debug_sfnames)

.debug_aranges  0x00000000      0x950
 *(.debug_aranges)
 .debug_aranges
                0x00000000       0x40 ./system/src/stm32f1-stdperiph/misc.o
 .debug_aranges
                0x00000040       0x58 ./system/src/stm32f1-stdperiph/stm32f10x_exti.o
 .debug_aranges
                0x00000098       0xa8 ./system/src/stm32f1-stdperiph/stm32f10x_gpio.o
 .debug_aranges
                0x00000140      0x118 ./system/src/stm32f1-stdperiph/stm32f10x_rcc.o
 .debug_aranges
                0x00000258      0x2f0 ./system/src/stm32f1-stdperiph/stm32f10x_tim.o
 .debug_aranges
                0x00000548      0x100 ./system/src/stm32f1-stdperiph/stm32f10x_usart.o
 .debug_aranges
                0x00000648       0x28 ./system/src/newlib/_exit.o
 .debug_aranges
                0x00000670       0x20 ./system/src/newlib/_sbrk.o
 .debug_aranges
                0x00000690       0x40 ./system/src/newlib/_startup.o
 .debug_aranges
                0x000006d0       0x30 ./system/src/newlib/_syscalls.o
 .debug_aranges
                0x00000700       0x28 ./system/src/newlib/assert.o
 .debug_aranges
                0x00000728       0x38 ./system/src/diag/Trace.o
 .debug_aranges
                0x00000760       0x30 ./system/src/diag/trace_impl.o
 .debug_aranges
                0x00000790       0x28 ./system/src/cortexm/_initialize_hardware.o
 .debug_aranges
                0x000007b8       0x90 ./system/src/cortexm/exception_handlers.o
 .debug_aranges
                0x00000848       0x38 ./system/src/cmsis/system_stm32f10x.o
 .debug_aranges
                0x00000880       0x20 ./system/src/cmsis/vectors_stm32f10x.o
 .debug_aranges
                0x000008a0       0x40 ./src/interrupt_gpio.o
 .debug_aranges
                0x000008e0       0x48 ./src/main.o
 .debug_aranges
                0x00000928       0x28 ./src/timer.o

.debug_pubnames
 *(.debug_pubnames)

.debug_info     0x00000000     0xf2ef
 *(.debug_info .gnu.linkonce.wi.*)
 .debug_info    0x00000000      0x6a5 ./system/src/stm32f1-stdperiph/misc.o
 .debug_info    0x000006a5      0x4bb ./system/src/stm32f1-stdperiph/stm32f10x_exti.o
 .debug_info    0x00000b60      0xce4 ./system/src/stm32f1-stdperiph/stm32f10x_gpio.o
 .debug_info    0x00001844      0xdbb ./system/src/stm32f1-stdperiph/stm32f10x_rcc.o
 .debug_info    0x000025ff     0x3ecd ./system/src/stm32f1-stdperiph/stm32f10x_tim.o
 .debug_info    0x000064cc     0x1439 ./system/src/stm32f1-stdperiph/stm32f10x_usart.o
 .debug_info    0x00007905      0x9e7 ./system/src/newlib/_exit.o
 .debug_info    0x000082ec      0x9d4 ./system/src/newlib/_sbrk.o
 .debug_info    0x00008cc0      0x4ae ./system/src/newlib/_startup.o
 .debug_info    0x0000916e      0xab9 ./system/src/newlib/_syscalls.o
 .debug_info    0x00009c27      0xaaa ./system/src/newlib/assert.o
 .debug_info    0x0000a6d1      0xbdb ./system/src/diag/Trace.o
 .debug_info    0x0000b2ac      0x3aa ./system/src/diag/trace_impl.o
 .debug_info    0x0000b656      0x2d6 ./system/src/cortexm/_initialize_hardware.o
 .debug_info    0x0000b92c     0x127b ./system/src/cortexm/exception_handlers.o
 .debug_info    0x0000cba7      0x4db ./system/src/cmsis/system_stm32f10x.o
 .debug_info    0x0000d082       0xce ./system/src/cmsis/vectors_stm32f10x.o
 .debug_info    0x0000d150      0x5d1 ./src/interrupt_gpio.o
 .debug_info    0x0000d721     0x1518 ./src/main.o
 .debug_info    0x0000ec39      0x6b6 ./src/timer.o

.debug_abbrev   0x00000000     0x2969
 *(.debug_abbrev)
 .debug_abbrev  0x00000000      0x1bc ./system/src/stm32f1-stdperiph/misc.o
 .debug_abbrev  0x000001bc      0x1e2 ./system/src/stm32f1-stdperiph/stm32f10x_exti.o
 .debug_abbrev  0x0000039e      0x24b ./system/src/stm32f1-stdperiph/stm32f10x_gpio.o
 .debug_abbrev  0x000005e9      0x240 ./system/src/stm32f1-stdperiph/stm32f10x_rcc.o
 .debug_abbrev  0x00000829      0x226 ./system/src/stm32f1-stdperiph/stm32f10x_tim.o
 .debug_abbrev  0x00000a4f      0x218 ./system/src/stm32f1-stdperiph/stm32f10x_usart.o
 .debug_abbrev  0x00000c67      0x222 ./system/src/newlib/_exit.o
 .debug_abbrev  0x00000e89      0x232 ./system/src/newlib/_sbrk.o
 .debug_abbrev  0x000010bb      0x1b1 ./system/src/newlib/_startup.o
 .debug_abbrev  0x0000126c      0x26d ./system/src/newlib/_syscalls.o
 .debug_abbrev  0x000014d9      0x222 ./system/src/newlib/assert.o
 .debug_abbrev  0x000016fb      0x2c6 ./system/src/diag/Trace.o
 .debug_abbrev  0x000019c1      0x218 ./system/src/diag/trace_impl.o
 .debug_abbrev  0x00001bd9       0xfc ./system/src/cortexm/_initialize_hardware.o
 .debug_abbrev  0x00001cd5      0x372 ./system/src/cortexm/exception_handlers.o
 .debug_abbrev  0x00002047      0x19d ./system/src/cmsis/system_stm32f10x.o
 .debug_abbrev  0x000021e4       0xa5 ./system/src/cmsis/vectors_stm32f10x.o
 .debug_abbrev  0x00002289      0x196 ./src/interrupt_gpio.o
 .debug_abbrev  0x0000241f      0x3b6 ./src/main.o
 .debug_abbrev  0x000027d5      0x194 ./src/timer.o

.debug_line     0x00000000     0xb10e
 *(.debug_line)
 .debug_line    0x00000000      0x508 ./system/src/stm32f1-stdperiph/misc.o
 .debug_line    0x00000508      0x691 ./system/src/stm32f1-stdperiph/stm32f10x_exti.o
 .debug_line    0x00000b99      0xd00 ./system/src/stm32f1-stdperiph/stm32f10x_gpio.o
 .debug_line    0x00001899      0xdc2 ./system/src/stm32f1-stdperiph/stm32f10x_rcc.o
 .debug_line    0x0000265b     0x396b ./system/src/stm32f1-stdperiph/stm32f10x_tim.o
 .debug_line    0x00005fc6     0x10f3 ./system/src/stm32f1-stdperiph/stm32f10x_usart.o
 .debug_line    0x000070b9      0x335 ./system/src/newlib/_exit.o
 .debug_line    0x000073ee      0x31f ./system/src/newlib/_sbrk.o
 .debug_line    0x0000770d      0x599 ./system/src/newlib/_startup.o
 .debug_line    0x00007ca6      0x421 ./system/src/newlib/_syscalls.o
 .debug_line    0x000080c7      0x371 ./system/src/newlib/assert.o
 .debug_line    0x00008438      0x411 ./system/src/diag/Trace.o
 .debug_line    0x00008849      0x679 ./system/src/diag/trace_impl.o
 .debug_line    0x00008ec2      0x378 ./system/src/cortexm/_initialize_hardware.o
 .debug_line    0x0000923a      0x8ad ./system/src/cortexm/exception_handlers.o
 .debug_line    0x00009ae7      0x59b ./system/src/cmsis/system_stm32f10x.o
 .debug_line    0x0000a082      0x10a ./system/src/cmsis/vectors_stm32f10x.o
 .debug_line    0x0000a18c      0x3f6 ./src/interrupt_gpio.o
 .debug_line    0x0000a582      0x7e7 ./src/main.o
 .debug_line    0x0000ad69      0x3a5 ./src/timer.o

.debug_frame    0x00000000     0x1cf4
 *(.debug_frame)
 .debug_frame   0x00000000       0x90 ./system/src/stm32f1-stdperiph/misc.o
 .debug_frame   0x00000090       0xc0 ./system/src/stm32f1-stdperiph/stm32f10x_exti.o
 .debug_frame   0x00000150      0x1e8 ./system/src/stm32f1-stdperiph/stm32f10x_gpio.o
 .debug_frame   0x00000338      0x31c ./system/src/stm32f1-stdperiph/stm32f10x_rcc.o
 .debug_frame   0x00000654      0x9f0 ./system/src/stm32f1-stdperiph/stm32f10x_tim.o
 .debug_frame   0x00001044      0x320 ./system/src/stm32f1-stdperiph/stm32f10x_usart.o
 .debug_frame   0x00001364       0x38 ./system/src/newlib/_exit.o
 .debug_frame   0x0000139c       0x28 ./system/src/newlib/_sbrk.o
 .debug_frame   0x000013c4       0x7c ./system/src/newlib/_startup.o
 .debug_frame   0x00001440       0x50 ./system/src/newlib/_syscalls.o
 .debug_frame   0x00001490       0x40 ./system/src/newlib/assert.o
 .debug_frame   0x000014d0       0x94 ./system/src/diag/Trace.o
 .debug_frame   0x00001564       0x64 ./system/src/diag/trace_impl.o
 .debug_frame   0x000015c8       0x40 ./system/src/cortexm/_initialize_hardware.o
 .debug_frame   0x00001608      0x158 ./system/src/cortexm/exception_handlers.o
 .debug_frame   0x00001760       0x6c ./system/src/cmsis/system_stm32f10x.o
 .debug_frame   0x000017cc       0x20 ./system/src/cmsis/vectors_stm32f10x.o
 .debug_frame   0x000017ec       0x94 ./src/interrupt_gpio.o
 .debug_frame   0x00001880       0x90 ./src/main.o
 .debug_frame   0x00001910       0x40 ./src/timer.o
 .debug_frame   0x00001950       0x20 f:/eclipse/gcc-arm-none/9 2020-q2-update/bin/../lib/gcc/arm-none-eabi/9.3.1/../../../../arm-none-eabi/lib/thumb/v7-m/nofp\libg_nano.a(lib_a-errno.o)
 .debug_frame   0x00001970       0x4c f:/eclipse/gcc-arm-none/9 2020-q2-update/bin/../lib/gcc/arm-none-eabi/9.3.1/../../../../arm-none-eabi/lib/thumb/v7-m/nofp\libg_nano.a(lib_a-vsnprintf.o)
 .debug_frame   0x000019bc       0x90 f:/eclipse/gcc-arm-none/9 2020-q2-update/bin/../lib/gcc/arm-none-eabi/9.3.1/../../../../arm-none-eabi/lib/thumb/v7-m/nofp\libg_nano.a(lib_a-nano-svfprintf.o)
 .debug_frame   0x00001a4c       0x60 f:/eclipse/gcc-arm-none/9 2020-q2-update/bin/../lib/gcc/arm-none-eabi/9.3.1/../../../../arm-none-eabi/lib/thumb/v7-m/nofp\libg_nano.a(lib_a-nano-vfprintf_i.o)
 .debug_frame   0x00001aac       0x28 f:/eclipse/gcc-arm-none/9 2020-q2-update/bin/../lib/gcc/arm-none-eabi/9.3.1/../../../../arm-none-eabi/lib/thumb/v7-m/nofp\libg_nano.a(lib_a-memchr-stub.o)
 .debug_frame   0x00001ad4       0x28 f:/eclipse/gcc-arm-none/9 2020-q2-update/bin/../lib/gcc/arm-none-eabi/9.3.1/../../../../arm-none-eabi/lib/thumb/v7-m/nofp\libg_nano.a(lib_a-memcpy-stub.o)
 .debug_frame   0x00001afc       0x28 f:/eclipse/gcc-arm-none/9 2020-q2-update/bin/../lib/gcc/arm-none-eabi/9.3.1/../../../../arm-none-eabi/lib/thumb/v7-m/nofp\libg_nano.a(lib_a-memmove.o)
 .debug_frame   0x00001b24       0x38 f:/eclipse/gcc-arm-none/9 2020-q2-update/bin/../lib/gcc/arm-none-eabi/9.3.1/../../../../arm-none-eabi/lib/thumb/v7-m/nofp\libg_nano.a(lib_a-nano-freer.o)
 .debug_frame   0x00001b5c       0x30 f:/eclipse/gcc-arm-none/9 2020-q2-update/bin/../lib/gcc/arm-none-eabi/9.3.1/../../../../arm-none-eabi/lib/thumb/v7-m/nofp\libg_nano.a(lib_a-nano-mallocr.o)
 .debug_frame   0x00001b8c       0x3c f:/eclipse/gcc-arm-none/9 2020-q2-update/bin/../lib/gcc/arm-none-eabi/9.3.1/../../../../arm-none-eabi/lib/thumb/v7-m/nofp\libg_nano.a(lib_a-nano-reallocr.o)
 .debug_frame   0x00001bc8       0x2c f:/eclipse/gcc-arm-none/9 2020-q2-update/bin/../lib/gcc/arm-none-eabi/9.3.1/../../../../arm-none-eabi/lib/thumb/v7-m/nofp\libg_nano.a(lib_a-sbrkr.o)
 .debug_frame   0x00001bf4       0x30 f:/eclipse/gcc-arm-none/9 2020-q2-update/bin/../lib/gcc/arm-none-eabi/9.3.1/../../../../arm-none-eabi/lib/thumb/v7-m/nofp\libg_nano.a(lib_a-mlock.o)
 .debug_frame   0x00001c24       0x20 f:/eclipse/gcc-arm-none/9 2020-q2-update/bin/../lib/gcc/arm-none-eabi/9.3.1/../../../../arm-none-eabi/lib/thumb/v7-m/nofp\libg_nano.a(lib_a-nano-msizer.o)
 .debug_frame   0x00001c44       0xb0 f:/eclipse/gcc-arm-none/9 2020-q2-update/bin/../lib/gcc/arm-none-eabi/9.3.1/../../../../arm-none-eabi/lib/thumb/v7-m/nofp\libg_nano.a(lib_a-lock.o)

.debug_str      0x00000000    0x58cbe
 *(.debug_str)
 .debug_str     0x00000000    0x4e8f7 ./system/src/stm32f1-stdperiph/misc.o
                              0x4ea7b (size before relaxing)
 .debug_str     0x0004e8f7      0x1ed ./system/src/stm32f1-stdperiph/stm32f10x_exti.o
                              0x4ea19 (size before relaxing)
 .debug_str     0x0004eae4      0x5ca ./system/src/stm32f1-stdperiph/stm32f10x_gpio.o
                              0x4edf9 (size before relaxing)
 .debug_str     0x0004f0ae      0xb4a ./system/src/stm32f1-stdperiph/stm32f10x_rcc.o
                              0x4f3c8 (size before relaxing)
 .debug_str     0x0004fbf8      0xc1d ./system/src/stm32f1-stdperiph/stm32f10x_tim.o
                              0x4f514 (size before relaxing)
 .debug_str     0x00050815      0x7f8 ./system/src/stm32f1-stdperiph/stm32f10x_usart.o
                              0x4f132 (size before relaxing)
 .debug_str     0x0005100d     0x4c82 ./system/src/newlib/_exit.o
                               0x7c0f (size before relaxing)
 .debug_str     0x00055c8f      0x4f5 ./system/src/newlib/_sbrk.o
                               0x6fd0 (size before relaxing)
 .debug_str     0x00056184      0x260 ./system/src/newlib/_startup.o
                               0x63e3 (size before relaxing)
 .debug_str     0x000563e4     0x1519 ./system/src/newlib/_syscalls.o
                               0x8539 (size before relaxing)
 .debug_str     0x000578fd       0xd0 ./system/src/newlib/assert.o
                               0x8714 (size before relaxing)
 .debug_str     0x000579cd      0x819 ./system/src/diag/Trace.o
                               0x838b (size before relaxing)
 .debug_str     0x000581e6      0x37b ./system/src/diag/trace_impl.o
                              0x52445 (size before relaxing)
 .debug_str     0x00058561       0x5e ./system/src/cortexm/_initialize_hardware.o
                              0x4e8e3 (size before relaxing)
 .debug_str     0x000585bf      0x19d ./system/src/cortexm/exception_handlers.o
                              0x53996 (size before relaxing)
 .debug_str     0x0005875c       0x96 ./system/src/cmsis/system_stm32f10x.o
                              0x4e97d (size before relaxing)
 .debug_str     0x000587f2       0x57 ./system/src/cmsis/vectors_stm32f10x.o
                               0x3922 (size before relaxing)
 .debug_str     0x00058849      0x359 ./src/interrupt_gpio.o
                              0x4ee1f (size before relaxing)
 .debug_str     0x00058ba2       0xfc ./src/main.o
                              0x54256 (size before relaxing)
 .debug_str     0x00058c9e       0x20 ./src/timer.o
                              0x4ed9b (size before relaxing)

.debug_loc      0x00000000     0x646d
 *(.debug_loc)
 .debug_loc     0x00000000      0x26d ./system/src/stm32f1-stdperiph/misc.o
 .debug_loc     0x0000026d      0x277 ./system/src/stm32f1-stdperiph/stm32f10x_exti.o
 .debug_loc     0x000004e4      0xa10 ./system/src/stm32f1-stdperiph/stm32f10x_gpio.o
 .debug_loc     0x00000ef4      0xd20 ./system/src/stm32f1-stdperiph/stm32f10x_rcc.o
 .debug_loc     0x00001c14     0x2d36 ./system/src/stm32f1-stdperiph/stm32f10x_tim.o
 .debug_loc     0x0000494a      0xdd0 ./system/src/stm32f1-stdperiph/stm32f10x_usart.o
 .debug_loc     0x0000571a       0x15 ./system/src/newlib/_exit.o
 .debug_loc     0x0000572f       0x97 ./system/src/newlib/_sbrk.o
 .debug_loc     0x000057c6      0x2de ./system/src/newlib/_startup.o
 .debug_loc     0x00005aa4       0x6f ./system/src/newlib/_syscalls.o
 .debug_loc     0x00005b13      0x160 ./system/src/newlib/assert.o
 .debug_loc     0x00005c73      0x118 ./system/src/diag/Trace.o
 .debug_loc     0x00005d8b      0x194 ./system/src/diag/trace_impl.o
 .debug_loc     0x00005f1f      0x35c ./system/src/cortexm/exception_handlers.o
 .debug_loc     0x0000627b       0xff ./system/src/cmsis/system_stm32f10x.o
 .debug_loc     0x0000637a       0xf3 ./src/main.o

.debug_macinfo
 *(.debug_macinfo)

.debug_weaknames
 *(.debug_weaknames)

.debug_funcnames
 *(.debug_funcnames)

.debug_typenames
 *(.debug_typenames)

.debug_varnames
 *(.debug_varnames)
OUTPUT(project222.elf elf32-littlearm)
LOAD linker stubs

.debug_ranges   0x00000000      0x858
 .debug_ranges  0x00000000       0x30 ./system/src/stm32f1-stdperiph/misc.o
 .debug_ranges  0x00000030       0x48 ./system/src/stm32f1-stdperiph/stm32f10x_exti.o
 .debug_ranges  0x00000078       0x98 ./system/src/stm32f1-stdperiph/stm32f10x_gpio.o
 .debug_ranges  0x00000110      0x108 ./system/src/stm32f1-stdperiph/stm32f10x_rcc.o
 .debug_ranges  0x00000218      0x2e0 ./system/src/stm32f1-stdperiph/stm32f10x_tim.o
 .debug_ranges  0x000004f8       0xf0 ./system/src/stm32f1-stdperiph/stm32f10x_usart.o
 .debug_ranges  0x000005e8       0x18 ./system/src/newlib/_exit.o
 .debug_ranges  0x00000600       0x10 ./system/src/newlib/_sbrk.o
 .debug_ranges  0x00000610       0x30 ./system/src/newlib/_startup.o
 .debug_ranges  0x00000640       0x20 ./system/src/newlib/_syscalls.o
 .debug_ranges  0x00000660       0x18 ./system/src/newlib/assert.o
 .debug_ranges  0x00000678       0x28 ./system/src/diag/Trace.o
 .debug_ranges  0x000006a0       0x38 ./system/src/diag/trace_impl.o
 .debug_ranges  0x000006d8       0x18 ./system/src/cortexm/_initialize_hardware.o
 .debug_ranges  0x000006f0       0x98 ./system/src/cortexm/exception_handlers.o
 .debug_ranges  0x00000788       0x28 ./system/src/cmsis/system_stm32f10x.o
 .debug_ranges  0x000007b0       0x10 ./system/src/cmsis/vectors_stm32f10x.o
 .debug_ranges  0x000007c0       0x30 ./src/interrupt_gpio.o
 .debug_ranges  0x000007f0       0x50 ./src/main.o
 .debug_ranges  0x00000840       0x18 ./src/timer.o

.debug_macro    0x00000000    0x11079
 .debug_macro   0x00000000      0x171 ./system/src/stm32f1-stdperiph/misc.o
 .debug_macro   0x00000171      0xaae ./system/src/stm32f1-stdperiph/misc.o
 .debug_macro   0x00000c1f       0x50 ./system/src/stm32f1-stdperiph/misc.o
 .debug_macro   0x00000c6f      0x34e ./system/src/stm32f1-stdperiph/misc.o
 .debug_macro   0x00000fbd       0x35 ./system/src/stm32f1-stdperiph/misc.o
 .debug_macro   0x00000ff2       0x34 ./system/src/stm32f1-stdperiph/misc.o
 .debug_macro   0x00001026      0xb8e ./system/src/stm32f1-stdperiph/misc.o
 .debug_macro   0x00001bb4     0x7dbe ./system/src/stm32f1-stdperiph/misc.o
 .debug_macro   0x00009972      0x2e4 ./system/src/stm32f1-stdperiph/misc.o
 .debug_macro   0x00009c56      0x144 ./system/src/stm32f1-stdperiph/misc.o
 .debug_macro   0x00009d9a      0x3cf ./system/src/stm32f1-stdperiph/misc.o
 .debug_macro   0x0000a169       0xc8 ./system/src/stm32f1-stdperiph/misc.o
 .debug_macro   0x0000a231      0x17a ./system/src/stm32f1-stdperiph/misc.o
 .debug_macro   0x0000a3ab       0xac ./system/src/stm32f1-stdperiph/misc.o
 .debug_macro   0x0000a457      0x3ad ./system/src/stm32f1-stdperiph/misc.o
 .debug_macro   0x0000a804       0x9d ./system/src/stm32f1-stdperiph/misc.o
 .debug_macro   0x0000a8a1      0x2cf ./system/src/stm32f1-stdperiph/misc.o
 .debug_macro   0x0000ab70      0x279 ./system/src/stm32f1-stdperiph/misc.o
 .debug_macro   0x0000ade9      0x2ac ./system/src/stm32f1-stdperiph/misc.o
 .debug_macro   0x0000b095      0x2b4 ./system/src/stm32f1-stdperiph/misc.o
 .debug_macro   0x0000b349       0x64 ./system/src/stm32f1-stdperiph/misc.o
 .debug_macro   0x0000b3ad       0x82 ./system/src/stm32f1-stdperiph/misc.o
 .debug_macro   0x0000b42f      0x3e2 ./system/src/stm32f1-stdperiph/misc.o
 .debug_macro   0x0000b811       0x58 ./system/src/stm32f1-stdperiph/misc.o
 .debug_macro   0x0000b869      0x344 ./system/src/stm32f1-stdperiph/misc.o
 .debug_macro   0x0000bbad      0x2c4 ./system/src/stm32f1-stdperiph/misc.o
 .debug_macro   0x0000be71      0x711 ./system/src/stm32f1-stdperiph/misc.o
 .debug_macro   0x0000c582      0x222 ./system/src/stm32f1-stdperiph/misc.o
 .debug_macro   0x0000c7a4       0x34 ./system/src/stm32f1-stdperiph/misc.o
 .debug_macro   0x0000c7d8       0x35 ./system/src/stm32f1-stdperiph/misc.o
 .debug_macro   0x0000c80d       0x85 ./system/src/stm32f1-stdperiph/misc.o
 .debug_macro   0x0000c892      0x171 ./system/src/stm32f1-stdperiph/stm32f10x_exti.o
 .debug_macro   0x0000ca03       0x97 ./system/src/stm32f1-stdperiph/stm32f10x_exti.o
 .debug_macro   0x0000ca9a      0x1b9 ./system/src/stm32f1-stdperiph/stm32f10x_gpio.o
 .debug_macro   0x0000cc53      0x2a6 ./system/src/stm32f1-stdperiph/stm32f10x_gpio.o
 .debug_macro   0x0000cef9      0x287 ./system/src/stm32f1-stdperiph/stm32f10x_rcc.o
 .debug_macro   0x0000d180      0x3dc ./system/src/stm32f1-stdperiph/stm32f10x_rcc.o
 .debug_macro   0x0000d55c      0x183 ./system/src/stm32f1-stdperiph/stm32f10x_tim.o
 .debug_macro   0x0000d6df      0x70b ./system/src/stm32f1-stdperiph/stm32f10x_tim.o
 .debug_macro   0x0000ddea      0x21f ./system/src/stm32f1-stdperiph/stm32f10x_usart.o
 .debug_macro   0x0000e009      0x21c ./system/src/stm32f1-stdperiph/stm32f10x_usart.o
 .debug_macro   0x0000e225      0x1ae ./system/src/newlib/_exit.o
 .debug_macro   0x0000e3d3       0x34 ./system/src/newlib/_exit.o
 .debug_macro   0x0000e407      0x10e ./system/src/newlib/_exit.o
 .debug_macro   0x0000e515       0x8d ./system/src/newlib/_exit.o
 .debug_macro   0x0000e5a2       0x43 ./system/src/newlib/_exit.o
 .debug_macro   0x0000e5e5      0x339 ./system/src/newlib/_exit.o
 .debug_macro   0x0000e91e       0x35 ./system/src/newlib/_exit.o
 .debug_macro   0x0000e953      0x163 ./system/src/newlib/_sbrk.o
 .debug_macro   0x0000eab6      0x174 ./system/src/newlib/_sbrk.o
 .debug_macro   0x0000ec2a       0x10 ./system/src/newlib/_sbrk.o
 .debug_macro   0x0000ec3a      0x23b ./system/src/newlib/_sbrk.o
 .debug_macro   0x0000ee75      0x15f ./system/src/newlib/_startup.o
 .debug_macro   0x0000efd4      0x220 ./system/src/newlib/_syscalls.o
 .debug_macro   0x0000f1f4       0x1c ./system/src/newlib/_syscalls.o
 .debug_macro   0x0000f210       0x10 ./system/src/newlib/_syscalls.o
 .debug_macro   0x0000f220       0x10 ./system/src/newlib/_syscalls.o
 .debug_macro   0x0000f230       0x10 ./system/src/newlib/_syscalls.o
 .debug_macro   0x0000f240       0x35 ./system/src/newlib/_syscalls.o
 .debug_macro   0x0000f275      0x12c ./system/src/newlib/_syscalls.o
 .debug_macro   0x0000f3a1       0xce ./system/src/newlib/_syscalls.o
 .debug_macro   0x0000f46f       0x7c ./system/src/newlib/_syscalls.o
 .debug_macro   0x0000f4eb       0x17 ./system/src/newlib/_syscalls.o
 .debug_macro   0x0000f502      0x118 ./system/src/newlib/_syscalls.o
 .debug_macro   0x0000f61a      0x189 ./system/src/newlib/_syscalls.o
 .debug_macro   0x0000f7a3       0x16 ./system/src/newlib/_syscalls.o
 .debug_macro   0x0000f7b9      0x1ca ./system/src/newlib/assert.o
 .debug_macro   0x0000f983       0x1c ./system/src/newlib/assert.o
 .debug_macro   0x0000f99f      0x1f5 ./system/src/diag/Trace.o
 .debug_macro   0x0000fb94       0x16 ./system/src/diag/Trace.o
 .debug_macro   0x0000fbaa       0x97 ./system/src/diag/Trace.o
 .debug_macro   0x0000fc41       0xfd ./system/src/diag/Trace.o
 .debug_macro   0x0000fd3e       0x10 ./system/src/diag/Trace.o
 .debug_macro   0x0000fd4e       0x16 ./system/src/diag/Trace.o
 .debug_macro   0x0000fd64      0x16f ./system/src/diag/Trace.o
 .debug_macro   0x0000fed3       0x4c ./system/src/diag/Trace.o
 .debug_macro   0x0000ff1f       0x16 ./system/src/diag/Trace.o
 .debug_macro   0x0000ff35      0x2c6 ./system/src/diag/trace_impl.o
 .debug_macro   0x000101fb       0x10 ./system/src/diag/trace_impl.o
 .debug_macro   0x0001020b       0xcf ./system/src/diag/trace_impl.o
 .debug_macro   0x000102da       0x20 ./system/src/diag/trace_impl.o
 .debug_macro   0x000102fa       0xbe ./system/src/diag/trace_impl.o
 .debug_macro   0x000103b8       0x22 ./system/src/diag/trace_impl.o
 .debug_macro   0x000103da      0x16b ./system/src/cortexm/_initialize_hardware.o
 .debug_macro   0x00010545      0x31e ./system/src/cortexm/exception_handlers.o
 .debug_macro   0x00010863       0x3b ./system/src/cortexm/exception_handlers.o
 .debug_macro   0x0001089e       0x10 ./system/src/cortexm/exception_handlers.o
 .debug_macro   0x000108ae      0x16e ./system/src/cmsis/system_stm32f10x.o
 .debug_macro   0x00010a1c       0x34 ./system/src/cmsis/vectors_stm32f10x.o
 .debug_macro   0x00010a50      0x16b ./src/interrupt_gpio.o
 .debug_macro   0x00010bbb      0x353 ./src/main.o
 .debug_macro   0x00010f0e      0x16b ./src/timer.o
